
> delega-web@0.1.0 build
> next build

node.exe : ÔÜá Warning: Next.js inferred your 
workspace root, but it may not be correct.
En línea: 1 Carácter: 1
+ & "C:\Program Files\nodejs/node.exe" 
"C:\Program Files\nodejs/node_mo ...
+ ~~~~~~~~~~~~~~~~~~~~~~~~~~~~~~~~~~~~~~~~~~~~~~
~~~~~~~~~~~~~~~~~~~~~~~
    + CategoryInfo          : NotSpecified: (ÔÜ 
   á Warning: Ne...not be correct.:String) [],  
   RemoteException
    + FullyQualifiedErrorId : NativeCommandErro 
   r
 
 We detected multiple lockfiles and selected 
the directory of C:\Proyectos\package-lock.json 
as the root directory.
 To silence this warning, set `turbopack.root` 
in your Next.js config, or consider removing 
one of the lockfiles if it's not needed.
   See https://nextjs.org/docs/app/api-reference
/config/next-config-js/turbopack#root-directory 
for more information.
 Detected additional lockfiles: 
   * C:\Proyectos\CRM 
Proyect\delega-web\package-lock.json

Ôû▓ Next.js 16.1.6 (Turbopack)

ÔÜá The "middleware" file convention is 
deprecated. Please use "proxy" instead. Learn 
more: https://nextjs.org/docs/messages/middlewar
e-to-proxy
  Creating an optimized production build ...
Ô£ô Compiled successfully in 2.7s
  Running TypeScript ...
Failed to compile.

.next/dev/types/validator.ts:24:44
Type error: Type 'Route' does not satisfy the 
constraint '"/[locale]"'.
  Type '"/"' is not assignable to type 
'"/[locale]"'.

[0m [90m 22 |[39m
 [90m 23 |[39m type [33mLayoutConfig[39m[33
m<[39m[33mRoute[39m [36mextends[39m 
[33mLayoutRoutes[39m [33m=[39m 
[33mLayoutRoutes[39m[33m>[39m [33m=[39m {
[31m[1m>[22m[39m[90m 24 |[39m   
[36mdefault[39m[33m:[39m [33mReact[39m[33
m.[39m[33mComponentType[39m[33m<[39m[33mLa
youtProps[39m[33m<[39m[33mRoute[39m[33m>>
[39m [33m|[39m ((props[33m:[39m [33mLayoutP
rops[39m[33m<[39m[33mRoute[39m[33m>[39m) 
[33m=>[39m 
[33mReact[39m[33m.[39m[33mReactNode[39m 
[33m|[39m [33mPromise[39m[33m<[39m[33mRea
ct[39m[33m.[39m[33mReactNode[39m[33m>[39m
 [33m|[39m never [33m|[39m [36mvoid[39m 
[33m|[39m [33mPromise[39m[33m<[39m[36mvoi
d[39m[33m>[39m)
 [90m    |[39m                                
            [31m[1m^[22m[39m
 [90m 25 |[39m   
generateStaticParams[33m?[39m[33m:[39m 
(props[33m:[39m { params[33m:[39m 
[33mParamMap[39m[[33mRoute[39m] }) 
[33m=>[39m [33mPromise[39m[33m<[39m[33man
y[39m[][33m>[39m [33m|[39m any[]
 [90m 26 |[39m   
generateMetadata[33m?[39m[33m:[39m (
 [90m 27 |[39m     props[33m:[39m { 
params[33m:[39m [33mPromise[39m[33m<[39m[
33mParamMap[39m[[33mRoute[39m][33m>[39m } 
[33m&[39m any[33m,[39m[0m
Next.js build worker exited with code: 1 and 
signal: null
